// Jest Snapshot v1, https://goo.gl/fbAQLP

exports[`App should match the snapshot 1`] = `
<div
  className="App"
>
  <Switch>
    //Remove this and make login a popup!!
    <Route
      component={[Function]}
      path="/login"
    />
    <Route
      component={[Function]}
      path="/create-user"
    />
    <Route
      component={[Function]}
      path="/"
    />
  </Switch>
</div>
`;
