// Jest Snapshot v1, https://goo.gl/fbAQLP

exports[`Carousel should match the snapshot 1`] = `
<Fragment>
  <section
    className="Carousel blur"
  >
    <Switch>
      <Route
        path="/favorites"
        render={[Function]}
      />
      <Route
        path="/"
        render={[Function]}
      />
    </Switch>
  </section>
</Fragment>
`;
